>>> matrix_divided = __import__('2-matrix_divided').matrix_divided

>>> matrix = [[1,2,3],[4,5,6]]
>>> matrix_divided(matrix,3)
[[0.33, 0.67, 1.0], [1.33, 1.67, 2.0]]


>>> matrix = [[1,2,3],[4,5,6]]
>>> matrix_divided(matrix,2.2)
[[0.45, 0.91, 1.36], [1.82, 2.27, 2.73]]


>>> matrix = [[2,3],[4,5,6]]
>>> matrix_divided(matrix,3)
Traceback (most recent call last):
    ...
TypeError: Each row of the matrix must have the same size


>>> matrix = [[1, 2, 3], [4, 5, 6]]
>>> matrix_divided(matrix, 0)
Traceback (most recent call last):
    ...
ZeroDivisionError: division by zero


>>> matrix = [[1, 2, 3], [4, 5, 6], [7, 8, 9]]
>>> matrix_divided(matrix, 2)
[[0.5, 1.0, 1.5], [2.0, 2.5, 3.0], [3.5, 4.0, 4.5]]


>>> matrix = [[1.5, 2.5, 3.5], [4.5, 5.5, 6.5]]
>>> matrix_divided(matrix, 2)
[[0.75, 1.25, 1.75], [2.25, 2.75, 3.25]]


>>> matrix = [[10, 20, 30], [40, 50, 60]]
>>> matrix_divided(matrix, "a")
Traceback (most recent call last):
    ...
TypeError: div must be a number


>>> matrix = [["a", 2], [3, 4]]
>>> matrix_divided(matrix, 2)
Traceback (most recent call last):
    ...
TypeError: matrix must be a matrix (list of lists) of integers/floats


>>> matrix = [["4", 2], [3, 4]]
>>> matrix_divided(matrix, 2)
Traceback (most recent call last):
    ...
TypeError: matrix must be a matrix (list of lists) of integers/floats


>>> matrix = [[10, 20, 30], [40, 50, 60]]
>>> matrix_divided(matrix, float('inf'))
[[0.0, 0.0, 0.0], [0.0, 0.0, 0.0]]


>>> matrix = [[1,2,3],[4,5,6]]
>>> matrix_divided(matrix)
Traceback (most recent call last):
    ...
TypeError: matrix_divided() missing 1 required positional argument: 'div'



